// Jest Snapshot v1, https://goo.gl/fbAQLP

exports[`Should render <CommentList/> should snap <CommentList/> component 1`] = `
<WithStyles(ForwardRef(Grid))>
  <div
    key="0"
  >
    <WithStyles(ForwardRef(List))
      style={
        Object {
          "paddingBottom": "20px",
        }
      }
    >
      <OurListItem>
        <WithStyles(ForwardRef(Typography))
          align="left"
          color="primary"
        >
          delectus aut autem
        </WithStyles(ForwardRef(Typography))>
      </OurListItem>
      <WithStyles(ForwardRef(Typography))
        align="left"
        style={
          Object {
            "padding": "0px 0px",
          }
        }
        variant="caption"
      >
        Bill
      </WithStyles(ForwardRef(Typography))>
      <WithStyles(ForwardRef(Typography))
        align="left"
        style={
          Object {
            "fontSize": "12px",
          }
        }
        variant="body1"
      >
        Today at 2:55 PM
      </WithStyles(ForwardRef(Typography))>
      <WithStyles(ForwardRef(Divider))
        component="li"
        variant="fullWidth"
      />
    </WithStyles(ForwardRef(List))>
  </div>
  <div
    key="1"
  >
    <WithStyles(ForwardRef(List))
      style={
        Object {
          "paddingBottom": "20px",
        }
      }
    >
      <OurListItem>
        <WithStyles(ForwardRef(Typography))
          align="left"
          color="primary"
        >
          delectus aut autem
        </WithStyles(ForwardRef(Typography))>
      </OurListItem>
      <WithStyles(ForwardRef(Typography))
        align="left"
        style={
          Object {
            "padding": "0px 0px",
          }
        }
        variant="caption"
      >
        Bill
      </WithStyles(ForwardRef(Typography))>
      <WithStyles(ForwardRef(Typography))
        align="left"
        style={
          Object {
            "fontSize": "12px",
          }
        }
        variant="body1"
      >
        Today at 2:55 PM
      </WithStyles(ForwardRef(Typography))>
      <WithStyles(ForwardRef(Divider))
        component="li"
        variant="fullWidth"
      />
    </WithStyles(ForwardRef(List))>
  </div>
  <div
    key="2"
  >
    <WithStyles(ForwardRef(List))
      style={
        Object {
          "paddingBottom": "20px",
        }
      }
    >
      <OurListItem>
        <WithStyles(ForwardRef(Typography))
          align="left"
          color="primary"
        >
          delectus aut autem
        </WithStyles(ForwardRef(Typography))>
      </OurListItem>
      <WithStyles(ForwardRef(Typography))
        align="left"
        style={
          Object {
            "padding": "0px 0px",
          }
        }
        variant="caption"
      >
        Bill
      </WithStyles(ForwardRef(Typography))>
      <WithStyles(ForwardRef(Typography))
        align="left"
        style={
          Object {
            "fontSize": "12px",
          }
        }
        variant="body1"
      >
        Today at 2:55 PM
      </WithStyles(ForwardRef(Typography))>
      <WithStyles(ForwardRef(Divider))
        component="li"
        variant="fullWidth"
      />
    </WithStyles(ForwardRef(List))>
  </div>
</WithStyles(ForwardRef(Grid))>
`;
